// Jest Snapshot v1, https://goo.gl/fbAQLP

exports[`renders DataTable component 1`] = `
<div>
  <table
    class="chakra-table css-0"
    role="table"
  >
    <thead
      class="css-0"
    >
      <tr
        class="css-0"
        role="row"
      >
        <th
          class="css-1ezsviu"
          colspan="1"
          role="columnheader"
          style="cursor: pointer;"
          title="Toggle SortBy"
        >
          Campaigns
          <span
            class="css-131wcsq"
          />
        </th>
        <th
          class="css-1ezsviu"
          colspan="1"
          role="columnheader"
          style="cursor: pointer;"
          title="Toggle SortBy"
        >
          Affiliate
          <span
            class="css-131wcsq"
          />
        </th>
        <th
          class="css-1ezsviu"
          colspan="1"
          data-is-numeric="true"
          role="columnheader"
          style="cursor: pointer;"
          title="Toggle SortBy"
        >
          Model
          <span
            class="css-131wcsq"
          />
        </th>
        <th
          class="css-1ezsviu"
          colspan="1"
          data-is-numeric="true"
          role="columnheader"
          style="cursor: pointer;"
          title="Toggle SortBy"
        >
          Engagement Type
          <span
            class="css-131wcsq"
          />
        </th>
        <th
          class="css-1ezsviu"
          colspan="1"
          data-is-numeric="true"
          role="columnheader"
          style="cursor: pointer;"
          title="Toggle SortBy"
        >
          Created on
          <span
            class="css-131wcsq"
          />
        </th>
      </tr>
    </thead>
    <tbody
      class="css-0"
      role="rowgroup"
    >
      <tr
        class="css-0"
        role="row"
      >
        <td
          class="css-0"
          role="cell"
        >
          inches
        </td>
        <td
          class="css-0"
          role="cell"
        >
          millimetres (mm)
        </td>
        <td
          class="css-0"
          data-is-numeric="true"
          role="cell"
        >
          25.4
        </td>
        <td
          class="css-0"
          data-is-numeric="true"
          role="cell"
        >
          4343
        </td>
        <td
          class="css-0"
          data-is-numeric="true"
          role="cell"
        >
          223232
        </td>
      </tr>
      <tr
        class="css-0"
        role="row"
      >
        <td
          class="css-0"
          role="cell"
        >
          inches
        </td>
        <td
          class="css-0"
          role="cell"
        >
          millimetres (mm)
        </td>
        <td
          class="css-0"
          data-is-numeric="true"
          role="cell"
        >
          25.4
        </td>
        <td
          class="css-0"
          data-is-numeric="true"
          role="cell"
        >
          4343
        </td>
        <td
          class="css-0"
          data-is-numeric="true"
          role="cell"
        >
          223232
        </td>
      </tr>
      <tr
        class="css-0"
        role="row"
      >
        <td
          class="css-0"
          role="cell"
        >
          inches
        </td>
        <td
          class="css-0"
          role="cell"
        >
          millimetres (mm)
        </td>
        <td
          class="css-0"
          data-is-numeric="true"
          role="cell"
        >
          25.4
        </td>
        <td
          class="css-0"
          data-is-numeric="true"
          role="cell"
        >
          4343
        </td>
        <td
          class="css-0"
          data-is-numeric="true"
          role="cell"
        >
          223232
        </td>
      </tr>
    </tbody>
  </table>
</div>
`;
