// Jest Snapshot v1, https://goo.gl/fbAQLP

exports[`renders SideBarMenu component 1`] = `
<div>
  <div
    class="css-vr7qz"
  >
    <div
      class="css-1ix7n7v"
    >
      <a
        class="chakra-link css-qffdt"
        href="/dashboard"
      >
        <svg
          aria-hidden="true"
          class="svg-inline--fa fa-grip-horizontal "
          data-icon="grip-horizontal"
          data-prefix="fas"
          focusable="false"
          role="img"
          style="margin-right: 20px;"
          viewBox="0 0 448 512"
          xmlns="http://www.w3.org/2000/svg"
        >
          <path
            d="M96 288H32c-17.67 0-32 14.33-32 32v64c0 17.67 14.33 32 32 32h64c17.67 0 32-14.33 32-32v-64c0-17.67-14.33-32-32-32zm160 0h-64c-17.67 0-32 14.33-32 32v64c0 17.67 14.33 32 32 32h64c17.67 0 32-14.33 32-32v-64c0-17.67-14.33-32-32-32zm160 0h-64c-17.67 0-32 14.33-32 32v64c0 17.67 14.33 32 32 32h64c17.67 0 32-14.33 32-32v-64c0-17.67-14.33-32-32-32zM96 96H32c-17.67 0-32 14.33-32 32v64c0 17.67 14.33 32 32 32h64c17.67 0 32-14.33 32-32v-64c0-17.67-14.33-32-32-32zm160 0h-64c-17.67 0-32 14.33-32 32v64c0 17.67 14.33 32 32 32h64c17.67 0 32-14.33 32-32v-64c0-17.67-14.33-32-32-32zm160 0h-64c-17.67 0-32 14.33-32 32v64c0 17.67 14.33 32 32 32h64c17.67 0 32-14.33 32-32v-64c0-17.67-14.33-32-32-32z"
            fill="currentColor"
          />
        </svg>
        Overview
      </a>
    </div>
    <div
      class="css-63s2m5"
    >
      <a
        class="chakra-link css-qffdt"
        href="/dashboard/campaigns"
      >
        <svg
          aria-hidden="true"
          class="svg-inline--fa fa-calendar-minus "
          data-icon="calendar-minus"
          data-prefix="fas"
          focusable="false"
          role="img"
          style="margin-right: 20px;"
          viewBox="0 0 448 512"
          xmlns="http://www.w3.org/2000/svg"
        >
          <path
            d="M436 160H12c-6.6 0-12-5.4-12-12v-36c0-26.5 21.5-48 48-48h48V12c0-6.6 5.4-12 12-12h40c6.6 0 12 5.4 12 12v52h128V12c0-6.6 5.4-12 12-12h40c6.6 0 12 5.4 12 12v52h48c26.5 0 48 21.5 48 48v36c0 6.6-5.4 12-12 12zM12 192h424c6.6 0 12 5.4 12 12v260c0 26.5-21.5 48-48 48H48c-26.5 0-48-21.5-48-48V204c0-6.6 5.4-12 12-12zm304 192c6.6 0 12-5.4 12-12v-40c0-6.6-5.4-12-12-12H132c-6.6 0-12 5.4-12 12v40c0 6.6 5.4 12 12 12h184z"
            fill="currentColor"
          />
        </svg>
        Campaigns
      </a>
    </div>
    <div
      class="css-63s2m5"
    >
      <a
        class="chakra-link css-qffdt"
        href="/dashboard/credits"
      >
        <svg
          aria-hidden="true"
          class="svg-inline--fa fa-credit-card "
          data-icon="credit-card"
          data-prefix="fas"
          focusable="false"
          role="img"
          style="margin-right: 20px;"
          viewBox="0 0 576 512"
          xmlns="http://www.w3.org/2000/svg"
        >
          <path
            d="M0 432c0 26.5 21.5 48 48 48h480c26.5 0 48-21.5 48-48V256H0v176zm192-68c0-6.6 5.4-12 12-12h136c6.6 0 12 5.4 12 12v40c0 6.6-5.4 12-12 12H204c-6.6 0-12-5.4-12-12v-40zm-128 0c0-6.6 5.4-12 12-12h72c6.6 0 12 5.4 12 12v40c0 6.6-5.4 12-12 12H76c-6.6 0-12-5.4-12-12v-40zM576 80v48H0V80c0-26.5 21.5-48 48-48h480c26.5 0 48 21.5 48 48z"
            fill="currentColor"
          />
        </svg>
        Credits
      </a>
    </div>
    <div
      class="css-63s2m5"
    >
      <a
        class="chakra-link css-qffdt"
        href="/dashboard/leads"
      >
        <svg
          aria-hidden="true"
          class="svg-inline--fa fa-user-plus "
          data-icon="user-plus"
          data-prefix="fas"
          focusable="false"
          role="img"
          style="margin-right: 20px;"
          viewBox="0 0 640 512"
          xmlns="http://www.w3.org/2000/svg"
        >
          <path
            d="M624 208h-64v-64c0-8.8-7.2-16-16-16h-32c-8.8 0-16 7.2-16 16v64h-64c-8.8 0-16 7.2-16 16v32c0 8.8 7.2 16 16 16h64v64c0 8.8 7.2 16 16 16h32c8.8 0 16-7.2 16-16v-64h64c8.8 0 16-7.2 16-16v-32c0-8.8-7.2-16-16-16zm-400 48c70.7 0 128-57.3 128-128S294.7 0 224 0 96 57.3 96 128s57.3 128 128 128zm89.6 32h-16.7c-22.2 10.2-46.9 16-72.9 16s-50.6-5.8-72.9-16h-16.7C60.2 288 0 348.2 0 422.4V464c0 26.5 21.5 48 48 48h352c26.5 0 48-21.5 48-48v-41.6c0-74.2-60.2-134.4-134.4-134.4z"
            fill="currentColor"
          />
        </svg>
        Leads
      </a>
    </div>
  </div>
</div>
`;
