// Jest Snapshot v1, https://goo.gl/fbAQLP

exports[`renders MainContent component 1`] = `
<div>
  <section
    class="css-15a0p7b"
  >
    <div
      class="css-p7r2ak"
    >
      <div
        class="css-79elbk"
      >
        <div
          class="css-g90ssd"
        >
          <img
            alt="Close"
            src="/close.png"
            style="width: 10px; height: 10px;"
          />
        </div>
        <h2
          class="css-1tpxf1l"
          contenteditable="false"
          id="info_header"
          tabindex="-1"
        >
          Our Specialized apps and services make customer acquisition easy
        </h2>
      </div>
      <div
        class="css-79elbk"
      >
        <div
          class="css-g90ssd"
        >
          <img
            alt="Close"
            src="/close.png"
            style="width: 10px; height: 10px;"
          />
        </div>
        <p
          class="css-1h356hx"
          contenteditable="false"
          id="info_sub_header"
          tabindex="-1"
        >
          We craft unique digital experiences, Because of this we have an endless supply of leads all organic and verified.
        </p>
      </div>
      <div
        class="css-b69u32"
      >
        <div
          class="css-rxw4r2"
        >
          <div
            class="css-79elbk"
          >
            <div
              class="css-g90ssd"
            >
              <img
                alt="Close"
                src="/close.png"
                style="width: 10px; height: 10px;"
              />
            </div>
            <h3
              class="css-1mws978"
              contenteditable="false"
              id="info_cards__0__header"
              tabindex="-1"
            >
              Industry Experts
            </h3>
          </div>
          <img
            class="chakra-image css-20teaf"
            src="/icon.png"
          />
          <div
            class="css-79elbk"
          >
            <div
              class="css-g90ssd"
            >
              <img
                alt="Close"
                src="/close.png"
                style="width: 10px; height: 10px;"
              />
            </div>
            <p
              class="css-1yxu09j"
              contenteditable="false"
              id="info_cards__0__desc"
              tabindex="-1"
            >
              Not sure what your looking for? Our team can help you dial in on what will be your next audience.
            </p>
          </div>
        </div>
        <div
          class="css-qvkken"
        >
          <div
            class="css-79elbk"
          >
            <div
              class="css-g90ssd"
            >
              <img
                alt="Close"
                src="/close.png"
                style="width: 10px; height: 10px;"
              />
            </div>
            <h3
              class="css-14oezjm"
              contenteditable="false"
              id="info_cards__1__header"
              tabindex="-1"
            >
              100's of industries
            </h3>
          </div>
          <img
            class="chakra-image css-20teaf"
            src="/icon.png"
          />
          <div
            class="css-79elbk"
          >
            <div
              class="css-g90ssd"
            >
              <img
                alt="Close"
                src="/close.png"
                style="width: 10px; height: 10px;"
              />
            </div>
            <p
              class="css-16qv2i2"
              contenteditable="false"
              id="info_cards__1__desc"
              tabindex="-1"
            >
              Our leads are sourced from a Multi-Channel system that spans across many different platforms and industries
            </p>
          </div>
        </div>
        <div
          class="css-rxw4r2"
        >
          <div
            class="css-79elbk"
          >
            <div
              class="css-g90ssd"
            >
              <img
                alt="Close"
                src="/close.png"
                style="width: 10px; height: 10px;"
              />
            </div>
            <h3
              class="css-1mws978"
              contenteditable="false"
              id="info_cards__2__header"
              tabindex="-1"
            >
              Custom experience
            </h3>
          </div>
          <img
            class="chakra-image css-20teaf"
            src="/icon.png"
          />
          <div
            class="css-79elbk"
          >
            <div
              class="css-g90ssd"
            >
              <img
                alt="Close"
                src="/close.png"
                style="width: 10px; height: 10px;"
              />
            </div>
            <p
              class="css-1yxu09j"
              contenteditable="false"
              id="info_cards__2__desc"
              tabindex="-1"
            >
              Our amazing development team can create an expereince tailored to your comapnies needs. No matter what.
            </p>
          </div>
        </div>
      </div>
      <div
        class="css-79elbk"
      >
        <div
          class="css-g90ssd"
        >
          <img
            alt="Close"
            src="/close.png"
            style="width: 10px; height: 10px;"
          />
        </div>
        <p
          class="css-crqql1"
          contenteditable="false"
          id="info_footer"
          tabindex="-1"
        >
          Contact us about custom plans and agreements to ensure we meet your specific needs!
        </p>
      </div>
    </div>
  </section>
</div>
`;
