// Jest Snapshot v1, https://goo.gl/fbAQLP

exports[`renders MainContent component 1`] = `
<div>
  <div
    class="chakra-stack css-1a8b1aa"
  >
    <nav
      class="css-1emrlv7"
    >
      <div
        class="css-1c714fi"
      >
        <img
          alt="quik-influence logo"
          class="chakra-image css-1ko1n4n"
        />
        <h1
          class="chakra-heading css-8mmjuy"
        >
          <div
            class="css-k008qs"
          >
            <p
              class="chakra-text css-67ii6d"
            >
              Quik
            </p>
            <p
              class="chakra-text css-0"
            >
              Influence
            </p>
          </div>
        </h1>
      </div>
      <div
        class="css-dsyim5"
      >
        <svg
          class="chakra-icon css-onkibi"
          focusable="false"
          viewBox="0 0 24 24"
        >
          <path
            d="M 3 5 A 1.0001 1.0001 0 1 0 3 7 L 21 7 A 1.0001 1.0001 0 1 0 21 5 L 3 5 z M 3 11 A 1.0001 1.0001 0 1 0 3 13 L 21 13 A 1.0001 1.0001 0 1 0 21 11 L 3 11 z M 3 17 A 1.0001 1.0001 0 1 0 3 19 L 21 19 A 1.0001 1.0001 0 1 0 21 17 L 3 17 z"
            fill="currentColor"
          />
        </svg>
      </div>
      <div
        class="css-0"
      >
        <script>
          (function setScript(initialValue) {
  var mql = window.matchMedia("(prefers-color-scheme: dark)");
  var systemPreference = mql.matches ? "dark" : "light";
  var persistedPreference = systemPreference;

  try {
    persistedPreference = localStorage.getItem("chakra-ui-color-mode");
  } catch (error) {
    console.log("Chakra UI: localStorage is not available. Color mode persistence might not work as expected");
  }

  var colorMode;

  if (persistedPreference) {
    colorMode = persistedPreference;
  } else if (initialValue === "system") {
    colorMode = systemPreference;
  } else {
    colorMode = initialValue != null ? initialValue : systemPreference;
  }

  if (colorMode) {
    /**
     * Keep in sync with \`root.set() {@file ./color-mode.utils.ts}
     */
    document.documentElement.style.setProperty("--chakra-ui-color-mode", colorMode);
    document.documentElement.setAttribute("data-theme", colorMode);
  }
})('dark')
        </script>
      </div>
      <div
        class="css-iqqio3"
      >
        <button
          class="chakra-button css-158uetl"
          type="button"
        >
          Create account
        </button>
        <label
          class="chakra-switch css-tm8ajn"
        >
          <input
            class="chakra-switch__input"
            style="border: 0px; clip: rect(0px, 0px, 0px, 0px); height: 1px; width: 1px; margin: -1px; padding: 0px; overflow: hidden; white-space: nowrap; position: absolute;"
            type="checkbox"
            value=""
          />
          <span
            aria-hidden="true"
            class="chakra-switch__track css-14qxnv8"
          >
            <span
              class="chakra-switch__thumb css-0"
            />
          </span>
        </label>
        <span
          class="css-1ehzxp"
        >
          <span
            class="chakra-avatar css-o11zrc"
          >
            <div
              aria-label="Segun Adebayo"
              class="chakra-avatar__initials css-0"
              role="img"
            >
              SA
            </div>
          </span>
          <span
            class="css-8uhtka"
          >
            Segun
          </span>
        </span>
      </div>
    </nav>
    <div
      class="css-113h9jy"
    >
      <div
        class="css-1rzqydi"
      >
        <div
          class="css-1h7o23w"
        >
          <a
            class="chakra-link css-1e6bsnr"
            href="/dashboard"
          >
            <svg
              aria-hidden="true"
              class="svg-inline--fa fa-grip-horizontal "
              data-icon="grip-horizontal"
              data-prefix="fas"
              focusable="false"
              role="img"
              viewBox="0 0 448 512"
              xmlns="http://www.w3.org/2000/svg"
            >
              <path
                d="M96 288H32c-17.67 0-32 14.33-32 32v64c0 17.67 14.33 32 32 32h64c17.67 0 32-14.33 32-32v-64c0-17.67-14.33-32-32-32zm160 0h-64c-17.67 0-32 14.33-32 32v64c0 17.67 14.33 32 32 32h64c17.67 0 32-14.33 32-32v-64c0-17.67-14.33-32-32-32zm160 0h-64c-17.67 0-32 14.33-32 32v64c0 17.67 14.33 32 32 32h64c17.67 0 32-14.33 32-32v-64c0-17.67-14.33-32-32-32zM96 96H32c-17.67 0-32 14.33-32 32v64c0 17.67 14.33 32 32 32h64c17.67 0 32-14.33 32-32v-64c0-17.67-14.33-32-32-32zm160 0h-64c-17.67 0-32 14.33-32 32v64c0 17.67 14.33 32 32 32h64c17.67 0 32-14.33 32-32v-64c0-17.67-14.33-32-32-32zm160 0h-64c-17.67 0-32 14.33-32 32v64c0 17.67 14.33 32 32 32h64c17.67 0 32-14.33 32-32v-64c0-17.67-14.33-32-32-32z"
                fill="currentColor"
              />
            </svg>
             
            Overview
          </a>
        </div>
        <div
          class="css-1h7o23w"
        >
          <a
            class="chakra-link css-1e6bsnr"
            href="/campaigns"
          >
            <svg
              aria-hidden="true"
              class="svg-inline--fa fa-calendar-minus "
              data-icon="calendar-minus"
              data-prefix="fas"
              focusable="false"
              role="img"
              viewBox="0 0 448 512"
              xmlns="http://www.w3.org/2000/svg"
            >
              <path
                d="M436 160H12c-6.6 0-12-5.4-12-12v-36c0-26.5 21.5-48 48-48h48V12c0-6.6 5.4-12 12-12h40c6.6 0 12 5.4 12 12v52h128V12c0-6.6 5.4-12 12-12h40c6.6 0 12 5.4 12 12v52h48c26.5 0 48 21.5 48 48v36c0 6.6-5.4 12-12 12zM12 192h424c6.6 0 12 5.4 12 12v260c0 26.5-21.5 48-48 48H48c-26.5 0-48-21.5-48-48V204c0-6.6 5.4-12 12-12zm304 192c6.6 0 12-5.4 12-12v-40c0-6.6-5.4-12-12-12H132c-6.6 0-12 5.4-12 12v40c0 6.6 5.4 12 12 12h184z"
                fill="currentColor"
              />
            </svg>
             
            Campaigns
          </a>
        </div>
        <div
          class="css-1h7o23w"
        >
          <a
            class="chakra-link css-1e6bsnr"
            href="/dashboard/credits"
          >
            <svg
              aria-hidden="true"
              class="svg-inline--fa fa-credit-card "
              data-icon="credit-card"
              data-prefix="fas"
              focusable="false"
              role="img"
              viewBox="0 0 576 512"
              xmlns="http://www.w3.org/2000/svg"
            >
              <path
                d="M0 432c0 26.5 21.5 48 48 48h480c26.5 0 48-21.5 48-48V256H0v176zm192-68c0-6.6 5.4-12 12-12h136c6.6 0 12 5.4 12 12v40c0 6.6-5.4 12-12 12H204c-6.6 0-12-5.4-12-12v-40zm-128 0c0-6.6 5.4-12 12-12h72c6.6 0 12 5.4 12 12v40c0 6.6-5.4 12-12 12H76c-6.6 0-12-5.4-12-12v-40zM576 80v48H0V80c0-26.5 21.5-48 48-48h480c26.5 0 48 21.5 48 48z"
                fill="currentColor"
              />
            </svg>
             
            Credits
          </a>
        </div>
      </div>
      <hr
        aria-orientation="vertical"
        class="chakra-divider css-78xnth"
      />
      <div
        class="css-1cwxi0e"
      >
        hello world
      </div>
    </div>
  </div>
</div>
`;
